
> react-typescript-starter@0.1.0 test
> react-scripts test --coverage

Browserslist: caniuse-lite is outdated. Please run:
  npx browserslist@latest --update-db
  Why you should do it regularly: https://github.com/browserslist/browserslist#browsers-data-updating
  console.error
    Error: Uncaught [Invariant Violation: Expected drag drop context]
        at reportException (/home/runner/work/team-2-final-project/team-2-final-project/node_modules/jsdom/lib/jsdom/living/helpers/runtime-script-errors.js:66:24)
        at innerInvokeEventListeners (/home/runner/work/team-2-final-project/team-2-final-project/node_modules/jsdom/lib/jsdom/living/events/EventTarget-impl.js:341:9)
        at invokeEventListeners (/home/runner/work/team-2-final-project/team-2-final-project/node_modules/jsdom/lib/jsdom/living/events/EventTarget-impl.js:274:3)
        at HTMLUnknownElementImpl._dispatch (/home/runner/work/team-2-final-project/team-2-final-project/node_modules/jsdom/lib/jsdom/living/events/EventTarget-impl.js:221:9)
        at HTMLUnknownElementImpl.dispatchEvent (/home/runner/work/team-2-final-project/team-2-final-project/node_modules/jsdom/lib/jsdom/living/events/EventTarget-impl.js:94:17)
        at HTMLUnknownElement.dispatchEvent (/home/runner/work/team-2-final-project/team-2-final-project/node_modules/jsdom/lib/jsdom/living/generated/EventTarget.js:231:34)
        at Object.invokeGuardedCallbackDev (/home/runner/work/team-2-final-project/team-2-final-project/node_modules/react-dom/cjs/react-dom.development.js:3994:16)
        at invokeGuardedCallback (/home/runner/work/team-2-final-project/team-2-final-project/node_modules/react-dom/cjs/react-dom.development.js:4056:31)
        at beginWork$1 (/home/runner/work/team-2-final-project/team-2-final-project/node_modules/react-dom/cjs/react-dom.development.js:23964:7)
        at performUnitOfWork (/home/runner/work/team-2-final-project/team-2-final-project/node_modules/react-dom/cjs/react-dom.development.js:22779:12) Invariant Violation: Expected drag drop context
        at invariant (/home/runner/work/team-2-final-project/team-2-final-project/node_modules/@react-dnd/invariant/src/index.ts:28:15)
        at useDragDropManager (/home/runner/work/team-2-final-project/team-2-final-project/node_modules/react-dnd/dist/cjs/hooks/useDragDropManager.js:21:28)
        at useDropTargetMonitor (/home/runner/work/team-2-final-project/team-2-final-project/node_modules/react-dnd/dist/cjs/hooks/internal/drop.js:34:60)
        at useDrop (/home/runner/work/team-2-final-project/team-2-final-project/node_modules/react-dnd/dist/cjs/hooks/useDrop.js:39:62)
        at CorkBoard (/home/runner/work/team-2-final-project/team-2-final-project/src/components/CorkBoard.tsx:14:22)
        at renderWithHooks (/home/runner/work/team-2-final-project/team-2-final-project/node_modules/react-dom/cjs/react-dom.development.js:14985:18)
        at mountIndeterminateComponent (/home/runner/work/team-2-final-project/team-2-final-project/node_modules/react-dom/cjs/react-dom.development.js:17811:13)
        at beginWork (/home/runner/work/team-2-final-project/team-2-final-project/node_modules/react-dom/cjs/react-dom.development.js:19049:16)
        at HTMLUnknownElement.callCallback (/home/runner/work/team-2-final-project/team-2-final-project/node_modules/react-dom/cjs/react-dom.development.js:3945:14)
        at HTMLUnknownElement.callTheUserObjectsOperation (/home/runner/work/team-2-final-project/team-2-final-project/node_modules/jsdom/lib/jsdom/living/generated/EventListener.js:26:30)
        at innerInvokeEventListeners (/home/runner/work/team-2-final-project/team-2-final-project/node_modules/jsdom/lib/jsdom/living/events/EventTarget-impl.js:338:25)
        at invokeEventListeners (/home/runner/work/team-2-final-project/team-2-final-project/node_modules/jsdom/lib/jsdom/living/events/EventTarget-impl.js:274:3)
        at HTMLUnknownElementImpl._dispatch (/home/runner/work/team-2-final-project/team-2-final-project/node_modules/jsdom/lib/jsdom/living/events/EventTarget-impl.js:221:9)
        at HTMLUnknownElementImpl.dispatchEvent (/home/runner/work/team-2-final-project/team-2-final-project/node_modules/jsdom/lib/jsdom/living/events/EventTarget-impl.js:94:17)
        at HTMLUnknownElement.dispatchEvent (/home/runner/work/team-2-final-project/team-2-final-project/node_modules/jsdom/lib/jsdom/living/generated/EventTarget.js:231:34)
        at Object.invokeGuardedCallbackDev (/home/runner/work/team-2-final-project/team-2-final-project/node_modules/react-dom/cjs/react-dom.development.js:3994:16)
        at invokeGuardedCallback (/home/runner/work/team-2-final-project/team-2-final-project/node_modules/react-dom/cjs/react-dom.development.js:4056:31)
        at beginWork$1 (/home/runner/work/team-2-final-project/team-2-final-project/node_modules/react-dom/cjs/react-dom.development.js:23964:7)
        at performUnitOfWork (/home/runner/work/team-2-final-project/team-2-final-project/node_modules/react-dom/cjs/react-dom.development.js:22779:12)
        at workLoopSync (/home/runner/work/team-2-final-project/team-2-final-project/node_modules/react-dom/cjs/react-dom.development.js:22707:5)
        at renderRootSync (/home/runner/work/team-2-final-project/team-2-final-project/node_modules/react-dom/cjs/react-dom.development.js:22670:7)
        at performSyncWorkOnRoot (/home/runner/work/team-2-final-project/team-2-final-project/node_modules/react-dom/cjs/react-dom.development.js:22293:18)
        at scheduleUpdateOnFiber (/home/runner/work/team-2-final-project/team-2-final-project/node_modules/react-dom/cjs/react-dom.development.js:21881:7)
        at updateContainer (/home/runner/work/team-2-final-project/team-2-final-project/node_modules/react-dom/cjs/react-dom.development.js:25482:3)
        at /home/runner/work/team-2-final-project/team-2-final-project/node_modules/react-dom/cjs/react-dom.development.js:26021:7
        at unbatchedUpdates (/home/runner/work/team-2-final-project/team-2-final-project/node_modules/react-dom/cjs/react-dom.development.js:22431:12)
        at legacyRenderSubtreeIntoContainer (/home/runner/work/team-2-final-project/team-2-final-project/node_modules/react-dom/cjs/react-dom.development.js:26020:5)
        at Object.render (/home/runner/work/team-2-final-project/team-2-final-project/node_modules/react-dom/cjs/react-dom.development.js:26103:10)
        at /home/runner/work/team-2-final-project/team-2-final-project/node_modules/@testing-library/react/dist/pure.js:101:25
        at batchedUpdates$1 (/home/runner/work/team-2-final-project/team-2-final-project/node_modules/react-dom/cjs/react-dom.development.js:22380:12)
        at act (/home/runner/work/team-2-final-project/team-2-final-project/node_modules/react-dom/cjs/react-dom-test-utils.development.js:1042:14)
        at render (/home/runner/work/team-2-final-project/team-2-final-project/node_modules/@testing-library/react/dist/pure.js:97:26)
        at Object.<anonymous> (/home/runner/work/team-2-final-project/team-2-final-project/src/components/CorkBoard.test.tsx:70:9)
        at Promise.then.completed (/home/runner/work/team-2-final-project/team-2-final-project/node_modules/jest-circus/build/utils.js:391:28)
        at new Promise (<anonymous>)
        at callAsyncCircusFn (/home/runner/work/team-2-final-project/team-2-final-project/node_modules/jest-circus/build/utils.js:316:10)
        at _callCircusTest (/home/runner/work/team-2-final-project/team-2-final-project/node_modules/jest-circus/build/run.js:218:40)
        at _runTest (/home/runner/work/team-2-final-project/team-2-final-project/node_modules/jest-circus/build/run.js:155:3)
        at _runTestsForDescribeBlock (/home/runner/work/team-2-final-project/team-2-final-project/node_modules/jest-circus/build/run.js:66:9)
        at _runTestsForDescribeBlock (/home/runner/work/team-2-final-project/team-2-final-project/node_modules/jest-circus/build/run.js:60:9)
        at run (/home/runner/work/team-2-final-project/team-2-final-project/node_modules/jest-circus/build/run.js:25:3)
        at runAndTransformResultsToJestFormat (/home/runner/work/team-2-final-project/team-2-final-project/node_modules/jest-circus/build/legacy-code-todo-rewrite/jestAdapterInit.js:170:21)
        at jestAdapter (/home/runner/work/team-2-final-project/team-2-final-project/node_modules/jest-circus/build/legacy-code-todo-rewrite/jestAdapter.js:82:19)
        at runTestInternal (/home/runner/work/team-2-final-project/team-2-final-project/node_modules/jest-runner/build/runTest.js:389:16)
        at runTest (/home/runner/work/team-2-final-project/team-2-final-project/node_modules/jest-runner/build/runTest.js:475:34)
        at TestRunner.runTests (/home/runner/work/team-2-final-project/team-2-final-project/node_modules/jest-runner/build/index.js:111:12)
        at TestScheduler.scheduleTests (/home/runner/work/team-2-final-project/team-2-final-project/node_modules/@jest/core/build/TestScheduler.js:333:13)
        at runJest (/home/runner/work/team-2-final-project/team-2-final-project/node_modules/@jest/core/build/runJest.js:404:19)
        at _run10000 (/home/runner/work/team-2-final-project/team-2-final-project/node_modules/@jest/core/build/cli/index.js:320:7)
        at runCLI (/home/runner/work/team-2-final-project/team-2-final-project/node_modules/@jest/core/build/cli/index.js:173:3)
        at Object.run (/home/runner/work/team-2-final-project/team-2-final-project/node_modules/jest-cli/build/cli/index.js:155:37) {
      framesToPop: 1
    }

      at VirtualConsole.<anonymous> (node_modules/jsdom/lib/jsdom/virtual-console.js:29:45)
      at reportException (node_modules/jsdom/lib/jsdom/living/helpers/runtime-script-errors.js:70:28)
      at innerInvokeEventListeners (node_modules/jsdom/lib/jsdom/living/events/EventTarget-impl.js:341:9)
      at invokeEventListeners (node_modules/jsdom/lib/jsdom/living/events/EventTarget-impl.js:274:3)
      at HTMLUnknownElementImpl._dispatch (node_modules/jsdom/lib/jsdom/living/events/EventTarget-impl.js:221:9)
      at HTMLUnknownElementImpl.dispatchEvent (node_modules/jsdom/lib/jsdom/living/events/EventTarget-impl.js:94:17)

  console.error
    The above error occurred in the <CorkBoard> component:
    
        at CorkBoard (/home/runner/work/team-2-final-project/team-2-final-project/src/components/CorkBoard.tsx:9:5)
    
    Consider adding an error boundary to your tree to customize error handling behavior.
    Visit https://reactjs.org/link/error-boundaries to learn more about error boundaries.

      at logCapturedError (node_modules/react-dom/cjs/react-dom.development.js:20085:23)
      at update.callback (node_modules/react-dom/cjs/react-dom.development.js:20118:5)
      at callCallback (node_modules/react-dom/cjs/react-dom.development.js:12318:12)
      at commitUpdateQueue (node_modules/react-dom/cjs/react-dom.development.js:12339:9)
      at commitLifeCycles (node_modules/react-dom/cjs/react-dom.development.js:20736:11)
      at commitLayoutEffects (node_modules/react-dom/cjs/react-dom.development.js:23426:7)
      at HTMLUnknownElement.callCallback (node_modules/react-dom/cjs/react-dom.development.js:3945:14)

  console.error
    Error: Uncaught [Invariant Violation: Expected drag drop context]
        at reportException (/home/runner/work/team-2-final-project/team-2-final-project/node_modules/jsdom/lib/jsdom/living/helpers/runtime-script-errors.js:66:24)
        at innerInvokeEventListeners (/home/runner/work/team-2-final-project/team-2-final-project/node_modules/jsdom/lib/jsdom/living/events/EventTarget-impl.js:341:9)
        at invokeEventListeners (/home/runner/work/team-2-final-project/team-2-final-project/node_modules/jsdom/lib/jsdom/living/events/EventTarget-impl.js:274:3)
        at HTMLUnknownElementImpl._dispatch (/home/runner/work/team-2-final-project/team-2-final-project/node_modules/jsdom/lib/jsdom/living/events/EventTarget-impl.js:221:9)
        at HTMLUnknownElementImpl.dispatchEvent (/home/runner/work/team-2-final-project/team-2-final-project/node_modules/jsdom/lib/jsdom/living/events/EventTarget-impl.js:94:17)
        at HTMLUnknownElement.dispatchEvent (/home/runner/work/team-2-final-project/team-2-final-project/node_modules/jsdom/lib/jsdom/living/generated/EventTarget.js:231:34)
        at Object.invokeGuardedCallbackDev (/home/runner/work/team-2-final-project/team-2-final-project/node_modules/react-dom/cjs/react-dom.development.js:3994:16)
        at invokeGuardedCallback (/home/runner/work/team-2-final-project/team-2-final-project/node_modules/react-dom/cjs/react-dom.development.js:4056:31)
        at beginWork$1 (/home/runner/work/team-2-final-project/team-2-final-project/node_modules/react-dom/cjs/react-dom.development.js:23964:7)
        at performUnitOfWork (/home/runner/work/team-2-final-project/team-2-final-project/node_modules/react-dom/cjs/react-dom.development.js:22779:12) Invariant Violation: Expected drag drop context
        at invariant (/home/runner/work/team-2-final-project/team-2-final-project/node_modules/@react-dnd/invariant/src/index.ts:28:15)
        at useDragDropManager (/home/runner/work/team-2-final-project/team-2-final-project/node_modules/react-dnd/dist/cjs/hooks/useDragDropManager.js:21:28)
        at useDropTargetMonitor (/home/runner/work/team-2-final-project/team-2-final-project/node_modules/react-dnd/dist/cjs/hooks/internal/drop.js:34:60)
        at useDrop (/home/runner/work/team-2-final-project/team-2-final-project/node_modules/react-dnd/dist/cjs/hooks/useDrop.js:39:62)
        at CorkBoard (/home/runner/work/team-2-final-project/team-2-final-project/src/components/CorkBoard.tsx:14:22)
        at renderWithHooks (/home/runner/work/team-2-final-project/team-2-final-project/node_modules/react-dom/cjs/react-dom.development.js:14985:18)
        at mountIndeterminateComponent (/home/runner/work/team-2-final-project/team-2-final-project/node_modules/react-dom/cjs/react-dom.development.js:17811:13)
        at beginWork (/home/runner/work/team-2-final-project/team-2-final-project/node_modules/react-dom/cjs/react-dom.development.js:19049:16)
        at HTMLUnknownElement.callCallback (/home/runner/work/team-2-final-project/team-2-final-project/node_modules/react-dom/cjs/react-dom.development.js:3945:14)
        at HTMLUnknownElement.callTheUserObjectsOperation (/home/runner/work/team-2-final-project/team-2-final-project/node_modules/jsdom/lib/jsdom/living/generated/EventListener.js:26:30)
        at innerInvokeEventListeners (/home/runner/work/team-2-final-project/team-2-final-project/node_modules/jsdom/lib/jsdom/living/events/EventTarget-impl.js:338:25)
        at invokeEventListeners (/home/runner/work/team-2-final-project/team-2-final-project/node_modules/jsdom/lib/jsdom/living/events/EventTarget-impl.js:274:3)
        at HTMLUnknownElementImpl._dispatch (/home/runner/work/team-2-final-project/team-2-final-project/node_modules/jsdom/lib/jsdom/living/events/EventTarget-impl.js:221:9)
        at HTMLUnknownElementImpl.dispatchEvent (/home/runner/work/team-2-final-project/team-2-final-project/node_modules/jsdom/lib/jsdom/living/events/EventTarget-impl.js:94:17)
        at HTMLUnknownElement.dispatchEvent (/home/runner/work/team-2-final-project/team-2-final-project/node_modules/jsdom/lib/jsdom/living/generated/EventTarget.js:231:34)
        at Object.invokeGuardedCallbackDev (/home/runner/work/team-2-final-project/team-2-final-project/node_modules/react-dom/cjs/react-dom.development.js:3994:16)
        at invokeGuardedCallback (/home/runner/work/team-2-final-project/team-2-final-project/node_modules/react-dom/cjs/react-dom.development.js:4056:31)
        at beginWork$1 (/home/runner/work/team-2-final-project/team-2-final-project/node_modules/react-dom/cjs/react-dom.development.js:23964:7)
        at performUnitOfWork (/home/runner/work/team-2-final-project/team-2-final-project/node_modules/react-dom/cjs/react-dom.development.js:22779:12)
        at workLoopSync (/home/runner/work/team-2-final-project/team-2-final-project/node_modules/react-dom/cjs/react-dom.development.js:22707:5)
        at renderRootSync (/home/runner/work/team-2-final-project/team-2-final-project/node_modules/react-dom/cjs/react-dom.development.js:22670:7)
        at performSyncWorkOnRoot (/home/runner/work/team-2-final-project/team-2-final-project/node_modules/react-dom/cjs/react-dom.development.js:22293:18)
        at scheduleUpdateOnFiber (/home/runner/work/team-2-final-project/team-2-final-project/node_modules/react-dom/cjs/react-dom.development.js:21881:7)
        at updateContainer (/home/runner/work/team-2-final-project/team-2-final-project/node_modules/react-dom/cjs/react-dom.development.js:25482:3)
        at /home/runner/work/team-2-final-project/team-2-final-project/node_modules/react-dom/cjs/react-dom.development.js:26021:7
        at unbatchedUpdates (/home/runner/work/team-2-final-project/team-2-final-project/node_modules/react-dom/cjs/react-dom.development.js:22431:12)
        at legacyRenderSubtreeIntoContainer (/home/runner/work/team-2-final-project/team-2-final-project/node_modules/react-dom/cjs/react-dom.development.js:26020:5)
        at Object.render (/home/runner/work/team-2-final-project/team-2-final-project/node_modules/react-dom/cjs/react-dom.development.js:26103:10)
        at /home/runner/work/team-2-final-project/team-2-final-project/node_modules/@testing-library/react/dist/pure.js:101:25
        at batchedUpdates$1 (/home/runner/work/team-2-final-project/team-2-final-project/node_modules/react-dom/cjs/react-dom.development.js:22380:12)
        at act (/home/runner/work/team-2-final-project/team-2-final-project/node_modules/react-dom/cjs/react-dom-test-utils.development.js:1042:14)
        at render (/home/runner/work/team-2-final-project/team-2-final-project/node_modules/@testing-library/react/dist/pure.js:97:26)
        at Object.<anonymous> (/home/runner/work/team-2-final-project/team-2-final-project/src/components/CorkBoard.test.tsx:76:9)
        at Promise.then.completed (/home/runner/work/team-2-final-project/team-2-final-project/node_modules/jest-circus/build/utils.js:391:28)
        at new Promise (<anonymous>)
        at callAsyncCircusFn (/home/runner/work/team-2-final-project/team-2-final-project/node_modules/jest-circus/build/utils.js:316:10)
        at _callCircusTest (/home/runner/work/team-2-final-project/team-2-final-project/node_modules/jest-circus/build/run.js:218:40)
        at _runTest (/home/runner/work/team-2-final-project/team-2-final-project/node_modules/jest-circus/build/run.js:155:3)
        at _runTestsForDescribeBlock (/home/runner/work/team-2-final-project/team-2-final-project/node_modules/jest-circus/build/run.js:66:9)
        at _runTestsForDescribeBlock (/home/runner/work/team-2-final-project/team-2-final-project/node_modules/jest-circus/build/run.js:60:9)
        at run (/home/runner/work/team-2-final-project/team-2-final-project/node_modules/jest-circus/build/run.js:25:3)
        at runAndTransformResultsToJestFormat (/home/runner/work/team-2-final-project/team-2-final-project/node_modules/jest-circus/build/legacy-code-todo-rewrite/jestAdapterInit.js:170:21)
        at jestAdapter (/home/runner/work/team-2-final-project/team-2-final-project/node_modules/jest-circus/build/legacy-code-todo-rewrite/jestAdapter.js:82:19)
        at runTestInternal (/home/runner/work/team-2-final-project/team-2-final-project/node_modules/jest-runner/build/runTest.js:389:16)
        at runTest (/home/runner/work/team-2-final-project/team-2-final-project/node_modules/jest-runner/build/runTest.js:475:34)
        at TestRunner.runTests (/home/runner/work/team-2-final-project/team-2-final-project/node_modules/jest-runner/build/index.js:111:12)
        at TestScheduler.scheduleTests (/home/runner/work/team-2-final-project/team-2-final-project/node_modules/@jest/core/build/TestScheduler.js:333:13)
        at runJest (/home/runner/work/team-2-final-project/team-2-final-project/node_modules/@jest/core/build/runJest.js:404:19)
        at _run10000 (/home/runner/work/team-2-final-project/team-2-final-project/node_modules/@jest/core/build/cli/index.js:320:7)
        at runCLI (/home/runner/work/team-2-final-project/team-2-final-project/node_modules/@jest/core/build/cli/index.js:173:3)
        at Object.run (/home/runner/work/team-2-final-project/team-2-final-project/node_modules/jest-cli/build/cli/index.js:155:37) {
      framesToPop: 1
    }

      at VirtualConsole.<anonymous> (node_modules/jsdom/lib/jsdom/virtual-console.js:29:45)
      at reportException (node_modules/jsdom/lib/jsdom/living/helpers/runtime-script-errors.js:70:28)
      at innerInvokeEventListeners (node_modules/jsdom/lib/jsdom/living/events/EventTarget-impl.js:341:9)
      at invokeEventListeners (node_modules/jsdom/lib/jsdom/living/events/EventTarget-impl.js:274:3)
      at HTMLUnknownElementImpl._dispatch (node_modules/jsdom/lib/jsdom/living/events/EventTarget-impl.js:221:9)
      at HTMLUnknownElementImpl.dispatchEvent (node_modules/jsdom/lib/jsdom/living/events/EventTarget-impl.js:94:17)

  console.error
    The above error occurred in the <CorkBoard> component:
    
        at CorkBoard (/home/runner/work/team-2-final-project/team-2-final-project/src/components/CorkBoard.tsx:9:5)
    
    Consider adding an error boundary to your tree to customize error handling behavior.
    Visit https://reactjs.org/link/error-boundaries to learn more about error boundaries.

      at logCapturedError (node_modules/react-dom/cjs/react-dom.development.js:20085:23)
      at update.callback (node_modules/react-dom/cjs/react-dom.development.js:20118:5)
      at callCallback (node_modules/react-dom/cjs/react-dom.development.js:12318:12)
      at commitUpdateQueue (node_modules/react-dom/cjs/react-dom.development.js:12339:9)
      at commitLifeCycles (node_modules/react-dom/cjs/react-dom.development.js:20736:11)
      at commitLayoutEffects (node_modules/react-dom/cjs/react-dom.development.js:23426:7)
      at HTMLUnknownElement.callCallback (node_modules/react-dom/cjs/react-dom.development.js:3945:14)

FAIL src/components/CorkBoard.test.tsx
  CorkBoard Component tests
    ✕ CorkBoard displays a note (68 ms)
    ✕ CorkBoard displays multiple notes (7 ms)

  ● CorkBoard Component tests › CorkBoard displays a note

    Invariant Violation: Expected drag drop context

      12 | }): JSX.Element {
      13 |     //Handles the dropping of things onto the corkboard
    > 14 |     const [, drop] = useDrop({
         |                      ^
      15 |         accept: ItemTypes.Card,
      16 |         drop: () =>
      17 |             addNoteData(

      at invariant (node_modules/@react-dnd/invariant/src/index.ts:28:15)
      at useDragDropManager (node_modules/react-dnd/dist/cjs/hooks/useDragDropManager.js:21:28)
      at useDropTargetMonitor (node_modules/react-dnd/dist/cjs/hooks/internal/drop.js:34:60)
      at useDrop (node_modules/react-dnd/dist/cjs/hooks/useDrop.js:39:62)
      at CorkBoard (src/components/CorkBoard.tsx:14:22)
      at renderWithHooks (node_modules/react-dom/cjs/react-dom.development.js:14985:18)
      at mountIndeterminateComponent (node_modules/react-dom/cjs/react-dom.development.js:17811:13)
      at beginWork (node_modules/react-dom/cjs/react-dom.development.js:19049:16)
      at HTMLUnknownElement.callCallback (node_modules/react-dom/cjs/react-dom.development.js:3945:14)
      at HTMLUnknownElement.callTheUserObjectsOperation (node_modules/jsdom/lib/jsdom/living/generated/EventListener.js:26:30)
      at innerInvokeEventListeners (node_modules/jsdom/lib/jsdom/living/events/EventTarget-impl.js:338:25)
      at invokeEventListeners (node_modules/jsdom/lib/jsdom/living/events/EventTarget-impl.js:274:3)
      at HTMLUnknownElementImpl._dispatch (node_modules/jsdom/lib/jsdom/living/events/EventTarget-impl.js:221:9)
      at HTMLUnknownElementImpl.dispatchEvent (node_modules/jsdom/lib/jsdom/living/events/EventTarget-impl.js:94:17)
      at HTMLUnknownElement.dispatchEvent (node_modules/jsdom/lib/jsdom/living/generated/EventTarget.js:231:34)
      at Object.invokeGuardedCallbackDev (node_modules/react-dom/cjs/react-dom.development.js:3994:16)
      at invokeGuardedCallback (node_modules/react-dom/cjs/react-dom.development.js:4056:31)
      at beginWork$1 (node_modules/react-dom/cjs/react-dom.development.js:23964:7)
      at performUnitOfWork (node_modules/react-dom/cjs/react-dom.development.js:22779:12)
      at workLoopSync (node_modules/react-dom/cjs/react-dom.development.js:22707:5)
      at renderRootSync (node_modules/react-dom/cjs/react-dom.development.js:22670:7)
      at performSyncWorkOnRoot (node_modules/react-dom/cjs/react-dom.development.js:22293:18)
      at scheduleUpdateOnFiber (node_modules/react-dom/cjs/react-dom.development.js:21881:7)
      at updateContainer (node_modules/react-dom/cjs/react-dom.development.js:25482:3)
      at node_modules/react-dom/cjs/react-dom.development.js:26021:7
      at unbatchedUpdates (node_modules/react-dom/cjs/react-dom.development.js:22431:12)
      at legacyRenderSubtreeIntoContainer (node_modules/react-dom/cjs/react-dom.development.js:26020:5)
      at Object.render (node_modules/react-dom/cjs/react-dom.development.js:26103:10)
      at node_modules/@testing-library/react/dist/pure.js:101:25
      at batchedUpdates$1 (node_modules/react-dom/cjs/react-dom.development.js:22380:12)
      at act (node_modules/react-dom/cjs/react-dom-test-utils.development.js:1042:14)
      at render (node_modules/@testing-library/react/dist/pure.js:97:26)
      at Object.<anonymous> (src/components/CorkBoard.test.tsx:70:9)
      at TestScheduler.scheduleTests (node_modules/@jest/core/build/TestScheduler.js:333:13)
      at runJest (node_modules/@jest/core/build/runJest.js:404:19)
      at _run10000 (node_modules/@jest/core/build/cli/index.js:320:7)
      at runCLI (node_modules/@jest/core/build/cli/index.js:173:3)

  ● CorkBoard Component tests › CorkBoard displays multiple notes

    Invariant Violation: Expected drag drop context

      12 | }): JSX.Element {
      13 |     //Handles the dropping of things onto the corkboard
    > 14 |     const [, drop] = useDrop({
         |                      ^
      15 |         accept: ItemTypes.Card,
      16 |         drop: () =>
      17 |             addNoteData(

      at invariant (node_modules/@react-dnd/invariant/src/index.ts:28:15)
      at useDragDropManager (node_modules/react-dnd/dist/cjs/hooks/useDragDropManager.js:21:28)
      at useDropTargetMonitor (node_modules/react-dnd/dist/cjs/hooks/internal/drop.js:34:60)
      at useDrop (node_modules/react-dnd/dist/cjs/hooks/useDrop.js:39:62)
      at CorkBoard (src/components/CorkBoard.tsx:14:22)
      at renderWithHooks (node_modules/react-dom/cjs/react-dom.development.js:14985:18)
      at mountIndeterminateComponent (node_modules/react-dom/cjs/react-dom.development.js:17811:13)
      at beginWork (node_modules/react-dom/cjs/react-dom.development.js:19049:16)
      at HTMLUnknownElement.callCallback (node_modules/react-dom/cjs/react-dom.development.js:3945:14)
      at HTMLUnknownElement.callTheUserObjectsOperation (node_modules/jsdom/lib/jsdom/living/generated/EventListener.js:26:30)
      at innerInvokeEventListeners (node_modules/jsdom/lib/jsdom/living/events/EventTarget-impl.js:338:25)
      at invokeEventListeners (node_modules/jsdom/lib/jsdom/living/events/EventTarget-impl.js:274:3)
      at HTMLUnknownElementImpl._dispatch (node_modules/jsdom/lib/jsdom/living/events/EventTarget-impl.js:221:9)
      at HTMLUnknownElementImpl.dispatchEvent (node_modules/jsdom/lib/jsdom/living/events/EventTarget-impl.js:94:17)
      at HTMLUnknownElement.dispatchEvent (node_modules/jsdom/lib/jsdom/living/generated/EventTarget.js:231:34)
      at Object.invokeGuardedCallbackDev (node_modules/react-dom/cjs/react-dom.development.js:3994:16)
      at invokeGuardedCallback (node_modules/react-dom/cjs/react-dom.development.js:4056:31)
      at beginWork$1 (node_modules/react-dom/cjs/react-dom.development.js:23964:7)
      at performUnitOfWork (node_modules/react-dom/cjs/react-dom.development.js:22779:12)
      at workLoopSync (node_modules/react-dom/cjs/react-dom.development.js:22707:5)
      at renderRootSync (node_modules/react-dom/cjs/react-dom.development.js:22670:7)
      at performSyncWorkOnRoot (node_modules/react-dom/cjs/react-dom.development.js:22293:18)
      at scheduleUpdateOnFiber (node_modules/react-dom/cjs/react-dom.development.js:21881:7)
      at updateContainer (node_modules/react-dom/cjs/react-dom.development.js:25482:3)
      at node_modules/react-dom/cjs/react-dom.development.js:26021:7
      at unbatchedUpdates (node_modules/react-dom/cjs/react-dom.development.js:22431:12)
      at legacyRenderSubtreeIntoContainer (node_modules/react-dom/cjs/react-dom.development.js:26020:5)
      at Object.render (node_modules/react-dom/cjs/react-dom.development.js:26103:10)
      at node_modules/@testing-library/react/dist/pure.js:101:25
      at batchedUpdates$1 (node_modules/react-dom/cjs/react-dom.development.js:22380:12)
      at act (node_modules/react-dom/cjs/react-dom-test-utils.development.js:1042:14)
      at render (node_modules/@testing-library/react/dist/pure.js:97:26)
      at Object.<anonymous> (src/components/CorkBoard.test.tsx:76:9)
      at TestScheduler.scheduleTests (node_modules/@jest/core/build/TestScheduler.js:333:13)
      at runJest (node_modules/@jest/core/build/runJest.js:404:19)
      at _run10000 (node_modules/@jest/core/build/cli/index.js:320:7)
      at runCLI (node_modules/@jest/core/build/cli/index.js:173:3)

-------------------|---------|----------|---------|---------|-------------------
File               | % Stmts | % Branch | % Funcs | % Lines | Uncovered Line #s 
-------------------|---------|----------|---------|---------|-------------------
All files          |    1.08 |        0 |    1.42 |    1.12 |                   
 src               |    1.96 |        0 |       0 |       2 |                   
  App.tsx          |       0 |      100 |       0 |       0 | 9-41              
  Board.tsx        |       0 |        0 |       0 |       0 | 7-36              
  BoardSquare.tsx  |       0 |        0 |       0 |       0 | 13-26             
  Overlay.tsx      |       0 |      100 |       0 |       0 | 7-8               
  Pic.tsx          |       0 |        0 |       0 |       0 | 5-13              
  Square.tsx       |       0 |        0 |       0 |       0 | 7-11              
  constants.ts     |     100 |      100 |     100 |     100 |                   
  game.ts          |       0 |        0 |       0 |       0 | 1-26              
 src/components    |    0.74 |        0 |    1.85 |    0.78 |                   
  Card.tsx         |       0 |      100 |       0 |       0 | 6-35              
  CardComp.tsx     |       0 |      100 |       0 |       0 | 20-39             
  CardList.tsx     |       0 |        0 |       0 |       0 | 9-109             
  CorkBoard.tsx    |    12.5 |      100 |      25 |    12.5 | 17-119            
  DeleteNote.tsx   |       0 |      100 |       0 |       0 | 7-22              
  EditCard.tsx     |       0 |      100 |       0 |       0 | 20-141            
  MakeNote.tsx     |       0 |      100 |       0 |       0 | 22-128            
  Note.tsx         |       0 |      100 |       0 |       0 | 8-13              
  TrashCan.tsx     |       0 |      100 |       0 |       0 | 9-11              
 src/interfaces    |       0 |        0 |       0 |       0 |                   
  CardListProps.ts |       0 |        0 |       0 |       0 |                   
  cardData.ts      |       0 |        0 |       0 |       0 |                   
  noteData.ts      |       0 |        0 |       0 |       0 |                   
  task.ts          |       0 |        0 |       0 |       0 |                   
-------------------|---------|----------|---------|---------|-------------------
Test Suites: 1 failed, 1 total
Tests:       2 failed, 2 total
Snapshots:   0 total
Time:        2.772 s
Ran all test suites.
